23:03:09.810 [INFO] Chef: Повар начал работу
23:03:09.810 [INFO] CafeCustomer: Посетитель 2 зашел в кафе
23:03:09.810 [INFO] CafeCustomer: Посетитель 1 зашел в кафе
23:03:09.810 [INFO] CafeCustomer: Посетитель 3 зашел в кафе
23:03:09.813 [INFO] Cafe: Еды нет, посетитель 2 ждет
23:03:09.813 [INFO] Cafe: Еды нет, посетитель 3 ждет
23:03:09.813 [INFO] Cafe: Еды нет, посетитель 1 ждет
23:03:09.816 [INFO] Chef: Повар начал готовить Салат, ожидаемое время готовки: 3с
23:03:12.818 [INFO] Cafe: Повар приготовил Салат
23:03:12.818 [INFO] Chef: Повар начал готовить Салат, ожидаемое время готовки: 3с
23:03:12.818 [INFO] Cafe: Посетитель 2 съел Салат
23:03:12.818 [INFO] Cafe: Еды нет, посетитель 1 ждет
23:03:12.818 [INFO] Cafe: Еды нет, посетитель 3 ждет
23:03:14.823 [INFO] Cafe: Еды нет, посетитель 2 ждет
23:03:15.819 [INFO] Cafe: Повар приготовил Салат
23:03:15.819 [INFO] Chef: Повар начал готовить Газированная вода, ожидаемое время готовки: 1с
23:03:15.819 [INFO] Cafe: Посетитель 1 съел Салат
23:03:15.819 [INFO] Cafe: Еды нет, посетитель 2 ждет
23:03:15.819 [INFO] Cafe: Еды нет, посетитель 3 ждет
23:03:16.828 [INFO] Cafe: Повар приготовил Газированная вода
23:03:16.828 [INFO] Chef: Повар начал готовить Чай, ожидаемое время готовки: 2с
23:03:16.828 [INFO] Cafe: Посетитель 2 выпил Газированная вода
23:03:16.828 [INFO] Cafe: Еды нет, посетитель 3 ждет
23:03:17.821 [INFO] Cafe: Еды нет, посетитель 1 ждет
23:03:18.833 [INFO] Cafe: Еды нет, посетитель 2 ждет
23:03:18.833 [INFO] Cafe: Повар приготовил Чай
23:03:18.833 [INFO] Chef: Повар начал готовить Салат, ожидаемое время готовки: 3с
23:03:18.833 [INFO] Cafe: Посетитель 3 выпил Чай
23:03:18.833 [INFO] Cafe: Еды нет, посетитель 2 ждет
23:03:18.833 [INFO] Cafe: Еды нет, посетитель 1 ждет
23:03:20.844 [INFO] Cafe: Еды нет, посетитель 3 ждет
23:03:21.840 [INFO] Cafe: Повар приготовил Салат
23:03:21.840 [INFO] Chef: Повар начал готовить Салат, ожидаемое время готовки: 3с
23:03:21.840 [INFO] Cafe: Посетитель 2 съел Салат
23:03:21.840 [INFO] Cafe: Еды нет, посетитель 3 ждет
23:03:21.840 [INFO] Cafe: Еды нет, посетитель 1 ждет
23:03:23.846 [INFO] Cafe: Еды нет, посетитель 2 ждет
23:03:24.852 [INFO] Cafe: Повар приготовил Салат
23:03:24.852 [INFO] Cafe: Посетитель 3 съел Салат
23:03:24.852 [INFO] Chef: Повар начал готовить Салат, ожидаемое время готовки: 3с
23:03:24.852 [INFO] Cafe: Еды нет, посетитель 2 ждет
23:03:24.852 [INFO] Cafe: Еды нет, посетитель 1 ждет
23:03:26.855 [INFO] Cafe: Еды нет, посетитель 3 ждет
23:03:27.859 [INFO] Cafe: Повар приготовил Салат
23:03:27.859 [INFO] Chef: Повар начал готовить Салат, ожидаемое время готовки: 3с
23:03:27.859 [INFO] Cafe: Посетитель 2 съел Салат
23:03:27.859 [INFO] Cafe: Еды нет, посетитель 3 ждет
23:03:27.859 [INFO] Cafe: Еды нет, посетитель 1 ждет
23:03:29.860 [INFO] Cafe: Еды нет, посетитель 2 ждет
23:03:30.872 [INFO] Cafe: Повар приготовил Салат
23:03:30.872 [INFO] Chef: Повар начал готовить Салат, ожидаемое время готовки: 3с
23:03:30.872 [INFO] Cafe: Посетитель 3 съел Салат
23:03:30.872 [INFO] Cafe: Еды нет, посетитель 2 ждет
23:03:30.872 [INFO] Cafe: Еды нет, посетитель 1 ждет
23:03:32.877 [INFO] Cafe: Еды нет, посетитель 3 ждет
23:03:33.873 [INFO] Cafe: Повар приготовил Салат
23:03:33.873 [INFO] Chef: Повар начал готовить Газированная вода, ожидаемое время готовки: 1с
23:03:33.873 [INFO] Cafe: Посетитель 2 съел Салат
23:03:33.873 [INFO] Cafe: Еды нет, посетитель 3 ждет
23:03:33.873 [INFO] Cafe: Еды нет, посетитель 1 ждет
23:03:34.879 [INFO] Cafe: Повар приготовил Газированная вода
23:03:34.879 [INFO] Chef: Повар закончил работу — приготовлено 10 блюд
23:03:34.879 [INFO] Cafe: Посетитель 3 выпил Газированная вода
23:03:34.879 [INFO] CafeCustomer: Посетитель 1 покинул кафе
23:03:35.887 [INFO] CafeCustomer: Посетитель 2 покинул кафе
23:03:36.888 [INFO] CafeCustomer: Посетитель 3 покинул кафе